Starting test...
.env exists
Import successful
Username set: True
Password set: True
Client created
